// Jest Snapshot v1, https://goo.gl/fbAQLP

exports[`Nav component matches snapshot 1`] = `
<DocumentFragment>
  <header>
    <h2>
      <a
        data-testid="link"
        href="/"
      >
        <span
          aria-label="camera"
          role="img"
        >
          ðŸ“¸
        </span>
         Oh Snap!
      </a>
    </h2>
    <nav>
      <ul
        class="flex-row"
      >
        <li
          style="margin-right: 2rem;"
        >
          <a
            class="mx-2"
            data-testid="about"
            href="#about"
          >
            About Me
          </a>
        </li>
        <li
          style="margin-right: 2rem;"
        >
          <span
            class="mx-2"
          >
            Contact
          </span>
        </li>
        <li
          class="mx-1 false"
        >
          <span>
            portraits
          </span>
        </li>
      </ul>
    </nav>
  </header>
</DocumentFragment>
`;
